Intel-8051 Macro Assembler - Version 1.00

      1    0000                           ;
      2    0000                           ; 配合"8個LED(共陰)實習板"
      3    0000                           ;     P0所接的8個LED(初始狀態:最左2個亮；其餘6個LED熄著),並進行右旋的變化
      4    0000                           ;
      5    0000                           
      6    0000                           	ORG	0000H
      7    0000                           
      8    0000     78 35                 START:	MOV	R0,#OK-TABLE+1
      9    0002                           
     10    0002     90 00 1F              	MOV	DPTR,#TABLE
     11    0005                           
     12    0005     79 00                 	MOV	R1,#00H
     13    0007                           
     14    0007     E9                    LOOP:	MOV	A,R1
     15    0008                           
     16    0008     93                    	MOVC	A,@A+DPTR
     17    0009                           
     18    0009     F5 80                 	MOV	P0,A
     19    000B                           
     20    000B     11 12                 	ACALL	DELAY
     21    000D                           
     22    000D     09                    	INC	R1
     23    000E                           
     24    000E     D8 F7                 	DJNZ	R0,LOOP
     25    0010                           
     26    0010     01 00                 	AJMP	START
     27    0012                           
     28    0012                           
     29    0012                           
     30    0012     7D 01                 DELAY:	MOV	R5,#1
     31    0014                           
     32    0014     7E FA                 DL1:	MOV	R6,#250
     33    0016                           
     34    0016     7F C8                 DL2:	MOV	R7,#200
     35    0018                           
     36    0018     DF FE                 DL3:	DJNZ	R7,DL3
     37    001A                           	
     38    001A     DE FA                 	DJNZ	R6,DL2
     39    001C                           
     40    001C     DD F6                 	DJNZ	R5,DL1
     41    001E     22                    	RET
     42    001F                           
     43    001F                           
     44    001F     84                    TABLE:	DB	10000100B
     45    0020     84                    	DB	10000100B
     46    0021     84                    	DB	10000100B
     47    0022     84                    	DB	10000100B
     48    0023     84                    	DB	10000100B
     49    0024     84                    	DB	10000100B
     50    0025     84                    	DB	10000100B
     51    0026     84                    	DB	10000100B
     52    0027     84                    	DB	10000100B
     53    0028     84                    	DB	10000100B
     54    0029     84                    	DB	10000100B
     55    002A     84                    	DB	10000100B
     56    002B     84                    	DB	10000100B
     57    002C     84                    	DB	10000100B
     58    002D     84                    	DB	10000100B
     59    002E     84                    	DB	10000100B
     60    002F     84                    	DB	10000100B
     61    0030     84                    	DB	10000100B
     62    0031     84                    	DB	10000100B
     63    0032     84                    	DB	10000100B
     64    0033                           
     65    0033     88                    	DB	10001000B
     66    0034     80                    	DB	10000000B
     67    0035     88                    	DB	10001000B
     68    0036     80                    	DB	10000000B
     69    0037     88                    	DB	10001000B
     70    0038     80                    	DB	10000000B
     71    0039                           
     72    0039     30                    	DB	00110000B
     73    003A     30                    	DB	00110000B
     74    003B     30                    	DB	00110000B
     75    003C     30                    	DB	00110000B
     76    003D     30                    	DB	00110000B
     77    003E     30                    	DB	00110000B
     78    003F     30                    	DB	00110000B
     79    0040     30                    	DB	00110000B
     80    0041     30                    	DB	00110000B
     81    0042     30                    	DB	00110000B
     82    0043     30                    	DB	00110000B
     83    0044     30                    	DB	00110000B
     84    0045     30                    	DB	00110000B
     85    0046     30                    	DB	00110000B
     86    0047     30                    	DB	00110000B
     87    0048     30                    	DB	00110000B
     88    0049     30                    	DB	00110000B
     89    004A     30                    	DB	00110000B
     90    004B     30                    	DB	00110000B
     91    004C     30                    	DB	00110000B
     92    004D                           
     93    004D     50                    	DB	01010000B
     94    004E     10                    	DB	00010000B
     95    004F     50                    	DB	01010000B
     96    0050     10                    	DB	00010000B
     97    0051     50                    	DB	01010000B
     98    0052     10                    	DB	00010000B
     99    0053                           
    100    0053     00                    OK:	DB	00000000B
    101    0054                           
    102    0054                           	END
